// Jest Snapshot v1, https://goo.gl/fbAQLP

exports[`Pruebas en el <MostrartDonaciones/> Crear el SnapShot del compoente 1`] = `
Object {
  "asFragment": [Function],
  "baseElement": <body>
    <div>
      <div
        class="MuiGrid-root makeStyles-container-1 MuiGrid-container"
      >
        <h5
          class="MuiTypography-root MuiTypography-h5 MuiTypography-colorTextSecondary"
        >
          Información de donantes
        </h5>
        <div
          class="MuiGrid-root MuiGrid-container MuiGrid-item MuiGrid-justify-content-xs-center MuiGrid-grid-xs-10 MuiGrid-grid-md-6"
        >
          <div
            class="MuiGrid-root MuiGrid-item MuiGrid-grid-xs-12 MuiGrid-grid-md-10"
          >
            <div
              class="MuiPaper-root MuiTableContainer-root MuiPaper-elevation1 MuiPaper-rounded"
            >
              <table
                aria-label="simple table"
                class="MuiTable-root makeStyles-table-2"
              >
                <thead
                  class="MuiTableHead-root"
                >
                  <tr
                    class="MuiTableRow-root MuiTableRow-head"
                  >
                    <th
                      class="MuiTableCell-root MuiTableCell-head"
                      scope="col"
                    >
                      Nombre
                    </th>
                    <th
                      class="MuiTableCell-root MuiTableCell-head MuiTableCell-alignRight"
                      scope="col"
                    >
                      Edad
                    </th>
                    <th
                      class="MuiTableCell-root MuiTableCell-head MuiTableCell-alignRight"
                      scope="col"
                    >
                      Fecha
                    </th>
                    <th
                      class="MuiTableCell-root MuiTableCell-head MuiTableCell-alignRight"
                      scope="col"
                    >
                      Cantidad Donada
                    </th>
                  </tr>
                </thead>
                <tbody
                  class="MuiTableBody-root"
                />
              </table>
            </div>
            <h5
              class="MuiTypography-root makeStyles-text-3 MuiTypography-h5 MuiTypography-colorTextSecondary"
            >
              Información de fondos generales
            </h5>
            <div
              class="MuiPaper-root MuiTableContainer-root MuiPaper-elevation1 MuiPaper-rounded"
            >
              <table
                aria-label="simple table"
                class="MuiTable-root makeStyles-table-2"
              >
                <thead
                  class="MuiTableHead-root"
                >
                  <tr
                    class="MuiTableRow-root MuiTableRow-head"
                  >
                    <th
                      class="MuiTableCell-root MuiTableCell-head MuiTableCell-alignCenter"
                      scope="col"
                    >
                      Caridad
                    </th>
                    <th
                      class="MuiTableCell-root MuiTableCell-head MuiTableCell-alignCenter"
                      scope="col"
                    >
                      Contrucción
                    </th>
                    <th
                      class="MuiTableCell-root MuiTableCell-head MuiTableCell-alignCenter"
                      scope="col"
                    >
                      Niños
                    </th>
                    <th
                      class="MuiTableCell-root MuiTableCell-head MuiTableCell-alignCenter"
                      scope="col"
                    >
                      Fondos Total
                    </th>
                  </tr>
                </thead>
                <tbody
                  class="MuiTableBody-root"
                >
                  <tr
                    class="MuiTableRow-root"
                  >
                    <th
                      class="MuiTableCell-root MuiTableCell-body MuiTableCell-alignCenter"
                      role="cell"
                      scope="row"
                    >
                      0
                    </th>
                    <td
                      class="MuiTableCell-root MuiTableCell-body MuiTableCell-alignCenter"
                    >
                      0
                    </td>
                    <td
                      class="MuiTableCell-root MuiTableCell-body MuiTableCell-alignCenter"
                    >
                      0
                    </td>
                    <td
                      class="MuiTableCell-root MuiTableCell-body MuiTableCell-alignCenter"
                    >
                      0
                    </td>
                  </tr>
                </tbody>
              </table>
            </div>
          </div>
        </div>
        <button
          class="MuiButtonBase-root MuiButton-root MuiButton-text MuiButton-textSizeSmall MuiButton-sizeSmall"
          tabindex="0"
          type="button"
        >
          <span
            class="MuiButton-label"
          >
            <a
              href="/"
            >
              Nueva Donación
            </a>
          </span>
          <span
            class="MuiTouchRipple-root"
          />
        </button>
      </div>
    </div>
  </body>,
  "container": <div>
    <div
      class="MuiGrid-root makeStyles-container-1 MuiGrid-container"
    >
      <h5
        class="MuiTypography-root MuiTypography-h5 MuiTypography-colorTextSecondary"
      >
        Información de donantes
      </h5>
      <div
        class="MuiGrid-root MuiGrid-container MuiGrid-item MuiGrid-justify-content-xs-center MuiGrid-grid-xs-10 MuiGrid-grid-md-6"
      >
        <div
          class="MuiGrid-root MuiGrid-item MuiGrid-grid-xs-12 MuiGrid-grid-md-10"
        >
          <div
            class="MuiPaper-root MuiTableContainer-root MuiPaper-elevation1 MuiPaper-rounded"
          >
            <table
              aria-label="simple table"
              class="MuiTable-root makeStyles-table-2"
            >
              <thead
                class="MuiTableHead-root"
              >
                <tr
                  class="MuiTableRow-root MuiTableRow-head"
                >
                  <th
                    class="MuiTableCell-root MuiTableCell-head"
                    scope="col"
                  >
                    Nombre
                  </th>
                  <th
                    class="MuiTableCell-root MuiTableCell-head MuiTableCell-alignRight"
                    scope="col"
                  >
                    Edad
                  </th>
                  <th
                    class="MuiTableCell-root MuiTableCell-head MuiTableCell-alignRight"
                    scope="col"
                  >
                    Fecha
                  </th>
                  <th
                    class="MuiTableCell-root MuiTableCell-head MuiTableCell-alignRight"
                    scope="col"
                  >
                    Cantidad Donada
                  </th>
                </tr>
              </thead>
              <tbody
                class="MuiTableBody-root"
              />
            </table>
          </div>
          <h5
            class="MuiTypography-root makeStyles-text-3 MuiTypography-h5 MuiTypography-colorTextSecondary"
          >
            Información de fondos generales
          </h5>
          <div
            class="MuiPaper-root MuiTableContainer-root MuiPaper-elevation1 MuiPaper-rounded"
          >
            <table
              aria-label="simple table"
              class="MuiTable-root makeStyles-table-2"
            >
              <thead
                class="MuiTableHead-root"
              >
                <tr
                  class="MuiTableRow-root MuiTableRow-head"
                >
                  <th
                    class="MuiTableCell-root MuiTableCell-head MuiTableCell-alignCenter"
                    scope="col"
                  >
                    Caridad
                  </th>
                  <th
                    class="MuiTableCell-root MuiTableCell-head MuiTableCell-alignCenter"
                    scope="col"
                  >
                    Contrucción
                  </th>
                  <th
                    class="MuiTableCell-root MuiTableCell-head MuiTableCell-alignCenter"
                    scope="col"
                  >
                    Niños
                  </th>
                  <th
                    class="MuiTableCell-root MuiTableCell-head MuiTableCell-alignCenter"
                    scope="col"
                  >
                    Fondos Total
                  </th>
                </tr>
              </thead>
              <tbody
                class="MuiTableBody-root"
              >
                <tr
                  class="MuiTableRow-root"
                >
                  <th
                    class="MuiTableCell-root MuiTableCell-body MuiTableCell-alignCenter"
                    role="cell"
                    scope="row"
                  >
                    0
                  </th>
                  <td
                    class="MuiTableCell-root MuiTableCell-body MuiTableCell-alignCenter"
                  >
                    0
                  </td>
                  <td
                    class="MuiTableCell-root MuiTableCell-body MuiTableCell-alignCenter"
                  >
                    0
                  </td>
                  <td
                    class="MuiTableCell-root MuiTableCell-body MuiTableCell-alignCenter"
                  >
                    0
                  </td>
                </tr>
              </tbody>
            </table>
          </div>
        </div>
      </div>
      <button
        class="MuiButtonBase-root MuiButton-root MuiButton-text MuiButton-textSizeSmall MuiButton-sizeSmall"
        tabindex="0"
        type="button"
      >
        <span
          class="MuiButton-label"
        >
          <a
            href="/"
          >
            Nueva Donación
          </a>
        </span>
        <span
          class="MuiTouchRipple-root"
        />
      </button>
    </div>
  </div>,
  "debug": [Function],
  "findAllByAltText": [Function],
  "findAllByDisplayValue": [Function],
  "findAllByLabelText": [Function],
  "findAllByPlaceholderText": [Function],
  "findAllByRole": [Function],
  "findAllByTestId": [Function],
  "findAllByText": [Function],
  "findAllByTitle": [Function],
  "findByAltText": [Function],
  "findByDisplayValue": [Function],
  "findByLabelText": [Function],
  "findByPlaceholderText": [Function],
  "findByRole": [Function],
  "findByTestId": [Function],
  "findByText": [Function],
  "findByTitle": [Function],
  "getAllByAltText": [Function],
  "getAllByDisplayValue": [Function],
  "getAllByLabelText": [Function],
  "getAllByPlaceholderText": [Function],
  "getAllByRole": [Function],
  "getAllByTestId": [Function],
  "getAllByText": [Function],
  "getAllByTitle": [Function],
  "getByAltText": [Function],
  "getByDisplayValue": [Function],
  "getByLabelText": [Function],
  "getByPlaceholderText": [Function],
  "getByRole": [Function],
  "getByTestId": [Function],
  "getByText": [Function],
  "getByTitle": [Function],
  "queryAllByAltText": [Function],
  "queryAllByDisplayValue": [Function],
  "queryAllByLabelText": [Function],
  "queryAllByPlaceholderText": [Function],
  "queryAllByRole": [Function],
  "queryAllByTestId": [Function],
  "queryAllByText": [Function],
  "queryAllByTitle": [Function],
  "queryByAltText": [Function],
  "queryByDisplayValue": [Function],
  "queryByLabelText": [Function],
  "queryByPlaceholderText": [Function],
  "queryByRole": [Function],
  "queryByTestId": [Function],
  "queryByText": [Function],
  "queryByTitle": [Function],
  "rerender": [Function],
  "unmount": [Function],
}
`;
